node.exe : npm verbose cli C:\nvm4w\nodejs\node.exe 
C:\Users\cmayen\AppData\Roaming\npm\node_modules\npm\bin\npm-cli.js
En C:\Users\cmayen\AppData\Roaming\npm\npm.ps1: 24 Carácter: 5
+     & "node$exe"  "$basedir/node_modules/npm/bin/npm-cli.js" $args
+     ~~~~~~~~~~~~~~~~~~~~~~~~~~~~~~~~~~~~~~~~~~~~~~~~~~~~~~~~~~~~~~
    + CategoryInfo          : NotSpecified: (npm verbose cli...\bin\npm-cli.js:String) [] 
   , RemoteException
    + FullyQualifiedErrorId : NativeCommandError
 
npm info using npm@11.0.0
npm info using node@v22.12.0
npm verbose title npm test attachments.test
npm verbose argv "test" "attachments.test" "--loglevel" "verbose"
npm verbose logfile logs-max:10 
dir:C:\Users\cmayen\AppData\Local\npm-cache\_logs\2025-11-20T00_11_29_788Z-
npm verbose logfile 
C:\Users\cmayen\AppData\Local\npm-cache\_logs\2025-11-20T00_11_29_788Z-debug-0.log

> evidence-management-backend@1.0.0 test
> jest --coverage attachments.test

2025-11-19 18:11:31 [[31merror[39m]: Archivo adjunto no existe
{
  "service": "evidence-management-api",
  "statusCode": 500,
  "stack": "RequestError: Archivo adjunto no existe\n    at handleError (D:\\Repos\\MP_Nov\\backend\\node_modules\\mssql\\lib\\tedious\\request.js:738:15)\n    at Connection.emit (node:events:524:28)\n    at Connection.emit (D:\\Repos\\MP_Nov\\backend\\node_modules\\tedious\\src\\connection.ts:1902:18)\n    at RequestTokenHandler.emit [as onErrorMessage] (D:\\Repos\\MP_Nov\\backend\\node_modules\\tedious\\src\\token\\handler.ts:388:21)\n    at Readable.<anonymous> (D:\\Repos\\MP_Nov\\backend\\node_modules\\tedious\\src\\token\\token-stream-parser.ts:22:55)\n    at Readable.emit (node:events:524:28)\n    at addChunk (node:internal/streams/readable:561:12)\n    at readableAddChunkPushObjectMode (node:internal/streams/readable:538:3)\n    at Readable.push (node:internal/streams/readable:393:5)\n    at nextAsync (node:internal/streams/from:194:22)\n    at processTicksAndRejections (node:internal/process/task_queues:105:5)",
  "path": "/api/v1/attachments/99999",
  "method": "DELETE"
}
FAIL tests/attachments.test.ts
  Attachments API
    POST /api/v1/case-files/:id/attachments
      ÔêÜ should upload a file attachment (15 ms)
      ÔêÜ should fail without file (5 ms)
      ├ù should fail without authentication (4 ms)
    GET /api/v1/case-files/:id/attachments
      ÔêÜ should get all attachments for a case file (9 ms)
    DELETE /api/v1/attachments/:id
      ÔêÜ should delete an attachment (10 ms)
      ÔêÜ should return error for non-existent attachment (26 ms)

  ÔùÅ Attachments API ÔÇ║ POST /api/v1/case-files/:id/attachments ÔÇ║ should fail without 
authentication

    read ECONNRESET



------------------------------|---------|----------|---------|---------|------------------------------------------------------------
File                          | % Stmts | % Branch | % Funcs | % Lines | Uncovered Line #s                                          
------------------------------|---------|----------|---------|---------|------------------------------------------------------------
All files                     |   53.77 |    15.66 |    22.9 |   48.93 |                                                            
 src                          |   96.15 |      100 |       0 |   96.15 |                                                            
  app.ts                      |   96.15 |      100 |       0 |   96.15 | 43                                                         
 src/config                   |   76.59 |    48.78 |      50 |      75 |                                                            
  database.ts                 |   71.79 |    33.33 |      50 |   69.44 | 30,39,44-45,51,64-65,71-72,76-77                           
  environment.ts              |     100 |       50 |     100 |     100 | 43-74                                                      
  swagger.ts                  |     100 |      100 |     100 |     100 |                                                            
 src/controllers              |   40.83 |     3.03 |   16.12 |    32.9 |                                                            
  attachment.controller.ts    |   78.37 |    33.33 |     100 |   76.47 | 19-23,43-48,72,90-94                                       
  auth.controller.ts          |   48.48 |        0 |      25 |   41.37 | 21,30-40,49-67,76-85                                       
  caseFile.controller.ts      |   35.82 |        0 |    12.5 |   27.11 | 22-23,33,42-51,60-77,86-98,107-116,125-136,145-156,165-174 
  catalog.controller.ts       |   36.84 |      100 |       0 |      25 | 9-17,26-34,43-51                                           
  evidence.controller.ts      |    37.5 |      100 |       0 |   28.57 | 10-19,28-37                                                
  history.controller.ts       |    37.5 |      100 |       0 |   28.57 | 8-17                                                       
  participant.controller.ts   |      28 |        0 |       0 |   18.18 | 8-17,25-38,46-57                                           
  user.controller.ts          |   26.31 |        0 |       0 |      16 | 8-30,38-47,55-66,74-86,94-103,111-123,131-142              
 src/middlewares              |   58.87 |       40 |      50 |   56.43 |                                                            
  auth.middleware.ts          |      50 |       60 |   66.66 |   47.05 | 21-28,38-58                                                
  errorHandler.middleware.ts  |   57.69 |    46.15 |   33.33 |   54.16 | 19-33,38-49,54-65,88                                       
  rateLimit.middleware.ts     |     100 |      100 |     100 |     100 |                                                            
  requestLogger.middleware.ts |   53.33 |        0 |      25 |      50 | 7-8,25-39                                                  
  upload.middleware.ts        |   66.66 |       20 |      75 |   65.21 | 49,64-73                                                   
 src/repositories             |   38.42 |     6.32 |   16.12 |   29.85 |                                                            
  attachment.repository.ts    |     100 |        0 |     100 |     100 | 35                                                         
  auth.repository.ts          |    62.5 |      100 |      50 |   57.14 | 19,32-50                                                   
  caseFile.repository.ts      |   36.66 |     4.44 |   11.11 |   26.92 | 62-72,85-102,137-153,160-170,180-191,202-214,221-231       
  catalog.repository.ts       |   43.75 |        0 |       0 |   30.76 | 25-30,37-42,49-54                                          
  evidence.repository.ts      |   42.85 |        0 |       0 |   33.33 | 16-35,42-48                                                
  history.repository.ts       |   57.14 |      100 |       0 |      50 | 9-15                                                       
  participant.repository.ts   |      50 |        0 |       0 |   38.46 | 9-15,27-36,46-47                                           
  user.repository.ts          |   16.86 |        0 |       0 |   10.38 | 15-82,92-109,123-138,154-188,196-197,207-208               
 src/routes                   |     100 |      100 |     100 |     100 |                                                            
  attachment.routes.ts        |     100 |      100 |     100 |     100 |                                                            
  auth.routes.ts              |     100 |      100 |     100 |     100 |                                                            
  caseFile.routes.ts          |     100 |      100 |     100 |     100 |                                                            
  catalog.routes.ts           |     100 |      100 |     100 |     100 |                                                            
  evidence.routes.ts          |     100 |      100 |     100 |     100 |                                                            
  index.ts                    |     100 |      100 |     100 |     100 |                                                            
  user.routes.ts              |     100 |      100 |     100 |     100 |                                                            
 src/services                 |   48.86 |     1.72 |   17.14 |   41.48 |                                                            
  attachment.service.ts       |   96.15 |        0 |     100 |   95.65 | 62                                                         
  auth.service.ts             |   55.55 |        0 |   33.33 |   51.51 | 18,25,30,67-99,106-112                                     
  caseFile.service.ts         |   38.59 |     3.03 |    12.5 |   28.57 | 24-27,35-41,64,77-96,104-110,118-124,132-138,146-152       
  catalog.service.ts          |      70 |      100 |       0 |   57.14 | 7,14,21                                                    
  evidence.service.ts         |    37.5 |        0 |       0 |   30.76 | 10-31,39-41                                                
  history.service.ts          |      50 |      100 |       0 |      50 | 8-10                                                       
  participant.service.ts      |   58.33 |      100 |       0 |      50 | 8-10,34,44                                                 
  user.service.ts             |   31.03 |        0 |       0 |   21.56 | 10,34-39,49-55,70-82,98-116,123-128,135-147,157-165        
 src/utils                    |   70.68 |    15.38 |   33.33 |   68.51 |                                                            
  ApiError.ts                 |   36.84 |        0 |       0 |   36.84 | 9-16,26,32,38,44,50,56                                     
  jwt.ts                      |     100 |      100 |     100 |     100 |                                                            
  jwt.util.ts                 |   80.95 |      100 |      75 |   76.47 | 30,35-38                                                   
  logger.ts                   |   94.11 |    66.66 |     100 |   94.11 | 9                                                          
 src/validators               |   93.75 |      100 |       0 |   93.75 |                                                            
  auth.validator.ts           |     100 |      100 |     100 |     100 |                                                            
  caseFile.validator.ts       |     100 |      100 |     100 |     100 |                                                            
  evidence.validator.ts       |      80 |      100 |       0 |      80 | 32                                                         
------------------------------|---------|----------|---------|---------|------------------------------------------------------------
Test Suites: 1 failed, 1 total
Tests:       1 failed, 5 passed, 6 total
Snapshots:   0 total
Time:        1.697 s, estimated 2 s
Ran all test suites matching /attachments.test/i.
npm verbose cwd D:\Repos\MP_Nov\backend
npm verbose os Windows_NT 10.0.26200
npm verbose node v22.12.0
npm verbose npm  v11.0.0
npm verbose exit 1
npm verbose code 1
